<html>
<body>
<pre>
<h1>µVision Build Log</h1>
<h2>Tool Versions:</h2>
IDE-Version: µVision V5.38.0.0
Copyright (C) 2022 ARM Ltd and ARM Germany GmbH. All rights reserved.
License Information: Thilo Reinhard, hsd, LIC=6XJTD-S8X4B-AX89D-R8LMG-VUYX7-SR4RG
 
Tool Versions:
Toolchain:       MDK-ARM Professional  Version: 5.38.0.0
Toolchain Path:  E:\Keil\Core\ARM\Arm_Compiler_5.06u7\Bin
C Compiler:      Armcc.exe V5.06 update 7 (build 960)
Assembler:       Armasm.exe V5.06 update 7 (build 960)
Linker/Locator:  ArmLink.exe V5.06 update 7 (build 960)
Library Manager: ArmAr.exe V5.06 update 7 (build 960)
Hex Converter:   FromElf.exe V5.06 update 7 (build 960)
CPU DLL:         SARMCM3.DLL V5.38.0.0
Dialog DLL:      DCM.DLL V1.17.5.0
Target DLL:      UL2CM3.DLL V1.164.8.0
Dialog DLL:      TCM.DLL V1.56.4.0
 
<h2>Project:</h2>
F:\C++Projekte\pixy2\src\device\main_m4\main_m4.uvprojx
Project File Date:  11/22/2023

<h2>Output:</h2>
*** Using Compiler 'V5.06 update 7 (build 960)', folder: 'E:\Keil\Core\ARM\Arm_Compiler_5.06u7\Bin'
Rebuild Project 'main_m4' - Target 'Flash'
compiling qqueue.cpp...
compiling colorlut.cpp...
compiling button.cpp...
compiling equeue.cpp...
compiling uart.cpp...
compiling progpt.cpp...
compiling blob.cpp...
compiling spi.cpp...
compiling i2c.cpp...
compiling analogdig.cpp...
compiling spi2.cpp...
compiling progvideo.cpp...
compiling progline.cpp...
compiling main_m4.cpp...
compiling conncomp.cpp...
compiling progblobs.cpp...
compiling serial.cpp...
compiling exec.cpp...
compiling blobs.cpp...
compiling line.cpp...
linking...
Program Size: Code=93146 RO-data=36386 RW-data=800 ZI-data=31464  
FromELF: creating hex file...
.\spifi\pixy_firmware.hex: Warning: Q9931W: Your license for feature Keil will expire in 28 days
Finished: 0 information, 1 warning and 0 error messages.
".\spifi\pixy_firmware.axf" - 0 Error(s), 0 Warning(s).

<h2>Software Packages used:</h2>

Package Vendor: ARM
                http://www.keil.com/pack/ARM.CMSIS.5.9.0.pack
                ARM.CMSIS.5.9.0
                CMSIS (Common Microcontroller Software Interface Standard)
   * Component: CORE Version: 5.6.0

<h2>Collection of Component include folders:</h2>
  ./RTE/_Flash
  E:/Keil/Pack/ARM/CMSIS/5.9.0/CMSIS/Core/Include
  E:/Keil/Pack/ARM/CMSIS/5.9.0/Device/ARM/ARMCM4/Include

<h2>Collection of Component Files used:</h2>

   * Component: ARM::CMSIS:CORE:5.6.0
Build Time Elapsed:  00:00:01
</pre>
</body>
</html>
